// Jest Snapshot v1, https://goo.gl/fbAQLP

exports[`EngagementTimelineChart component render the chart matching snapshot 1`] = `
<svg
  class="recharts-surface"
  height="400"
  viewBox="0 0 800 400"
  width="800"
>
  <title />
  <desc />
  <defs>
    <clippath
      id="recharts1-clip"
    >
      <rect
        height="345"
        width="720"
        x="60"
        y="20"
      />
    </clippath>
  </defs>
  <defs>
    <lineargradient
      id="lineGradient"
      x1="0"
      x2="1"
      y1="0"
      y2="0"
    >
      <stop
        offset="0%"
        stop-color="#E0C2FF"
      />
      <stop
        offset="50%"
        stop-color="#AA33FF"
      />
      <stop
        offset="100%"
        stop-color="#E0C2FF"
      />
    </lineargradient>
  </defs>
  <g
    class="recharts-layer recharts-reference-line"
  >
    <line
      class="recharts-reference-line-line"
      fill="none"
      fill-opacity="1"
      stroke="#F2E5FF"
      stroke-opacity="0.3"
      stroke-width="50"
      x="2026-02-20T00:00:00Z"
      x1="90"
      x2="90"
      y1="365"
      y2="20"
    />
  </g>
  <g
    class="recharts-layer recharts-reference-line"
  >
    <line
      class="recharts-reference-line-line"
      fill="none"
      fill-opacity="1"
      stroke="#F2E5FF"
      stroke-opacity="0.3"
      stroke-width="50"
      x="2026-02-21T00:00:00Z"
      x1="200"
      x2="200"
      y1="365"
      y2="20"
    />
  </g>
  <g
    class="recharts-layer recharts-reference-line"
  >
    <line
      class="recharts-reference-line-line"
      fill="none"
      fill-opacity="1"
      stroke="#F2E5FF"
      stroke-opacity="0.3"
      stroke-width="50"
      x="2026-02-22T00:00:00Z"
      x1="310"
      x2="310"
      y1="365"
      y2="20"
    />
  </g>
  <g
    class="recharts-layer recharts-reference-line"
  >
    <line
      class="recharts-reference-line-line"
      fill="none"
      fill-opacity="1"
      stroke="#F2E5FF"
      stroke-opacity="0.3"
      stroke-width="50"
      x="2026-02-23T00:00:00Z"
      x1="420"
      x2="420"
      y1="365"
      y2="20"
    />
  </g>
  <g
    class="recharts-layer recharts-reference-line"
  >
    <line
      class="recharts-reference-line-line"
      fill="none"
      fill-opacity="1"
      stroke="#F2E5FF"
      stroke-opacity="0.3"
      stroke-width="50"
      x="2026-02-24T00:00:00Z"
      x1="530"
      x2="530"
      y1="365"
      y2="20"
    />
  </g>
  <g
    class="recharts-layer recharts-reference-line"
  >
    <line
      class="recharts-reference-line-line"
      fill="none"
      fill-opacity="1"
      stroke="#F2E5FF"
      stroke-opacity="0.3"
      stroke-width="50"
      x="2026-02-25T00:00:00Z"
      x1="640"
      x2="640"
      y1="365"
      y2="20"
    />
  </g>
  <g
    class="recharts-layer recharts-reference-line"
  >
    <line
      class="recharts-reference-line-line"
      fill="none"
      fill-opacity="1"
      stroke="#F2E5FF"
      stroke-opacity="0.3"
      stroke-width="50"
      x="2026-02-26T00:00:00Z"
      x1="750"
      x2="750"
      y1="365"
      y2="20"
    />
  </g>
  <g
    class="recharts-cartesian-grid"
  >
    <g
      class="recharts-cartesian-grid-horizontal"
    >
      <line
        fill="none"
        height="345"
        offset="[object Object]"
        stroke="#aaa"
        stroke-dasharray="3 3"
        width="720"
        x="60"
        x1="60"
        x2="780"
        y="20"
        y1="365"
        y2="365"
      />
      <line
        fill="none"
        height="345"
        offset="[object Object]"
        stroke="#aaa"
        stroke-dasharray="3 3"
        width="720"
        x="60"
        x1="60"
        x2="780"
        y="20"
        y1="278.75"
        y2="278.75"
      />
      <line
        fill="none"
        height="345"
        offset="[object Object]"
        stroke="#aaa"
        stroke-dasharray="3 3"
        width="720"
        x="60"
        x1="60"
        x2="780"
        y="20"
        y1="192.5"
        y2="192.5"
      />
      <line
        fill="none"
        height="345"
        offset="[object Object]"
        stroke="#aaa"
        stroke-dasharray="3 3"
        width="720"
        x="60"
        x1="60"
        x2="780"
        y="20"
        y1="106.25"
        y2="106.25"
      />
      <line
        fill="none"
        height="345"
        offset="[object Object]"
        stroke="#aaa"
        stroke-dasharray="3 3"
        width="720"
        x="60"
        x1="60"
        x2="780"
        y="20"
        y1="20"
        y2="20"
      />
    </g>
    <g
      class="recharts-cartesian-grid-vertical"
    >
      <line
        stroke="none"
        x1="90"
        x2="90"
        y1="20"
        y2="365"
      />
      <line
        stroke="none"
        x1="200"
        x2="200"
        y1="20"
        y2="365"
      />
      <line
        stroke="none"
        x1="310"
        x2="310"
        y1="20"
        y2="365"
      />
      <line
        stroke="none"
        x1="420"
        x2="420"
        y1="20"
        y2="365"
      />
      <line
        stroke="none"
        x1="530"
        x2="530"
        y1="20"
        y2="365"
      />
      <line
        stroke="none"
        x1="640"
        x2="640"
        y1="20"
        y2="365"
      />
      <line
        stroke="none"
        x1="750"
        x2="750"
        y1="20"
        y2="365"
      />
      <line
        stroke="none"
        x1="60"
        x2="60"
        y1="20"
        y2="365"
      />
      <line
        stroke="none"
        x1="780"
        x2="780"
        y1="20"
        y2="365"
      />
    </g>
  </g>
  <g
    class="recharts-layer recharts-line"
  >
    <path
      class="recharts-curve recharts-line-curve"
      d="M90,20C126.66666666666666,63.12499999999999,163.33333333333334,106.25,200,106.25C236.66666666666666,106.25,273.3333333333333,88.99999999999999,310,88.99999999999999C346.6666666666667,88.99999999999999,383.3333333333333,192.5,420,192.5C456.6666666666667,192.5,493.3333333333333,125.22500000000002,530,125.22500000000002C566.6666666666666,125.22500000000002,603.3333333333334,201.9875,640,201.9875C676.6666666666666,201.9875,713.3333333333334,197.675,750,193.36249999999998"
      fill="none"
      height="345"
      stroke="url(#lineGradient)"
      stroke-dasharray="0px 0px"
      stroke-width="4"
      width="720"
    />
  </g>
  <g
    class="recharts-layer recharts-cartesian-axis recharts-xAxis xAxis"
  >
    <line
      class="recharts-cartesian-axis-line"
      dy="10"
      fill="none"
      height="30"
      orientation="bottom"
      stroke="#666"
      width="720"
      x="60"
      x1="60"
      x2="780"
      y="365"
      y1="365"
      y2="365"
    />
    <g
      class="recharts-cartesian-axis-ticks"
    >
      <g
        class="recharts-layer recharts-cartesian-axis-tick"
      >
        <line
          class="recharts-cartesian-axis-tick-line"
          dy="10"
          fill="none"
          height="30"
          orientation="bottom"
          stroke="#666"
          width="720"
          x="60"
          x1="90"
          x2="90"
          y="365"
          y1="371"
          y2="365"
        />
        <text
          class="recharts-text recharts-cartesian-axis-tick-value"
          fill="#666"
          height="30"
          orientation="bottom"
          stroke="none"
          text-anchor="middle"
          width="720"
          x="90"
          y="383"
        >
          <tspan
            dy="0.71em"
            x="90"
          >
            Feb 20
          </tspan>
        </text>
      </g>
      <g
        class="recharts-layer recharts-cartesian-axis-tick"
      >
        <line
          class="recharts-cartesian-axis-tick-line"
          dy="10"
          fill="none"
          height="30"
          orientation="bottom"
          stroke="#666"
          width="720"
          x="60"
          x1="200"
          x2="200"
          y="365"
          y1="371"
          y2="365"
        />
        <text
          class="recharts-text recharts-cartesian-axis-tick-value"
          fill="#666"
          height="30"
          orientation="bottom"
          stroke="none"
          text-anchor="middle"
          width="720"
          x="200"
          y="383"
        >
          <tspan
            dy="0.71em"
            x="200"
          >
            Feb 21
          </tspan>
        </text>
      </g>
      <g
        class="recharts-layer recharts-cartesian-axis-tick"
      >
        <line
          class="recharts-cartesian-axis-tick-line"
          dy="10"
          fill="none"
          height="30"
          orientation="bottom"
          stroke="#666"
          width="720"
          x="60"
          x1="310"
          x2="310"
          y="365"
          y1="371"
          y2="365"
        />
        <text
          class="recharts-text recharts-cartesian-axis-tick-value"
          fill="#666"
          height="30"
          orientation="bottom"
          stroke="none"
          text-anchor="middle"
          width="720"
          x="310"
          y="383"
        >
          <tspan
            dy="0.71em"
            x="310"
          >
            Feb 22
          </tspan>
        </text>
      </g>
      <g
        class="recharts-layer recharts-cartesian-axis-tick"
      >
        <line
          class="recharts-cartesian-axis-tick-line"
          dy="10"
          fill="none"
          height="30"
          orientation="bottom"
          stroke="#666"
          width="720"
          x="60"
          x1="420"
          x2="420"
          y="365"
          y1="371"
          y2="365"
        />
        <text
          class="recharts-text recharts-cartesian-axis-tick-value"
          fill="#666"
          height="30"
          orientation="bottom"
          stroke="none"
          text-anchor="middle"
          width="720"
          x="420"
          y="383"
        >
          <tspan
            dy="0.71em"
            x="420"
          >
            Feb 23
          </tspan>
        </text>
      </g>
      <g
        class="recharts-layer recharts-cartesian-axis-tick"
      >
        <line
          class="recharts-cartesian-axis-tick-line"
          dy="10"
          fill="none"
          height="30"
          orientation="bottom"
          stroke="#666"
          width="720"
          x="60"
          x1="530"
          x2="530"
          y="365"
          y1="371"
          y2="365"
        />
        <text
          class="recharts-text recharts-cartesian-axis-tick-value"
          fill="#666"
          height="30"
          orientation="bottom"
          stroke="none"
          text-anchor="middle"
          width="720"
          x="530"
          y="383"
        >
          <tspan
            dy="0.71em"
            x="530"
          >
            Feb 24
          </tspan>
        </text>
      </g>
      <g
        class="recharts-layer recharts-cartesian-axis-tick"
      >
        <line
          class="recharts-cartesian-axis-tick-line"
          dy="10"
          fill="none"
          height="30"
          orientation="bottom"
          stroke="#666"
          width="720"
          x="60"
          x1="640"
          x2="640"
          y="365"
          y1="371"
          y2="365"
        />
        <text
          class="recharts-text recharts-cartesian-axis-tick-value"
          fill="#666"
          height="30"
          orientation="bottom"
          stroke="none"
          text-anchor="middle"
          width="720"
          x="640"
          y="383"
        >
          <tspan
            dy="0.71em"
            x="640"
          >
            Feb 25
          </tspan>
        </text>
      </g>
      <g
        class="recharts-layer recharts-cartesian-axis-tick"
      >
        <line
          class="recharts-cartesian-axis-tick-line"
          dy="10"
          fill="none"
          height="30"
          orientation="bottom"
          stroke="#666"
          width="720"
          x="60"
          x1="750"
          x2="750"
          y="365"
          y1="371"
          y2="365"
        />
        <text
          class="recharts-text recharts-cartesian-axis-tick-value"
          fill="#666"
          height="30"
          orientation="bottom"
          stroke="none"
          text-anchor="middle"
          width="720"
          x="750"
          y="383"
        >
          <tspan
            dy="0.71em"
            x="750"
          >
            Feb 26
          </tspan>
        </text>
      </g>
    </g>
  </g>
  <g
    class="recharts-layer recharts-cartesian-axis recharts-yAxis yAxis"
  >
    <line
      class="recharts-cartesian-axis-line"
      fill="none"
      height="345"
      orientation="left"
      stroke="#666"
      width="60"
      x="0"
      x1="60"
      x2="60"
      y="20"
      y1="20"
      y2="365"
    />
    <g
      class="recharts-cartesian-axis-ticks"
    >
      <g
        class="recharts-layer recharts-cartesian-axis-tick"
      >
        <line
          class="recharts-cartesian-axis-tick-line"
          fill="none"
          height="345"
          orientation="left"
          stroke="#666"
          width="60"
          x="0"
          x1="54"
          x2="60"
          y="20"
          y1="365"
          y2="365"
        />
        <text
          class="recharts-text recharts-cartesian-axis-tick-value"
          fill="#666"
          height="345"
          orientation="left"
          stroke="none"
          text-anchor="end"
          width="60"
          x="52"
          y="365"
        >
          <tspan
            dy="0.355em"
            x="52"
          >
            0
          </tspan>
        </text>
      </g>
      <g
        class="recharts-layer recharts-cartesian-axis-tick"
      >
        <line
          class="recharts-cartesian-axis-tick-line"
          fill="none"
          height="345"
          orientation="left"
          stroke="#666"
          width="60"
          x="0"
          x1="54"
          x2="60"
          y="20"
          y1="278.75"
          y2="278.75"
        />
        <text
          class="recharts-text recharts-cartesian-axis-tick-value"
          fill="#666"
          height="345"
          orientation="left"
          stroke="none"
          text-anchor="end"
          width="60"
          x="52"
          y="278.75"
        >
          <tspan
            dy="0.355em"
            x="52"
          >
            100
          </tspan>
        </text>
      </g>
      <g
        class="recharts-layer recharts-cartesian-axis-tick"
      >
        <line
          class="recharts-cartesian-axis-tick-line"
          fill="none"
          height="345"
          orientation="left"
          stroke="#666"
          width="60"
          x="0"
          x1="54"
          x2="60"
          y="20"
          y1="192.5"
          y2="192.5"
        />
        <text
          class="recharts-text recharts-cartesian-axis-tick-value"
          fill="#666"
          height="345"
          orientation="left"
          stroke="none"
          text-anchor="end"
          width="60"
          x="52"
          y="192.5"
        >
          <tspan
            dy="0.355em"
            x="52"
          >
            200
          </tspan>
        </text>
      </g>
      <g
        class="recharts-layer recharts-cartesian-axis-tick"
      >
        <line
          class="recharts-cartesian-axis-tick-line"
          fill="none"
          height="345"
          orientation="left"
          stroke="#666"
          width="60"
          x="0"
          x1="54"
          x2="60"
          y="20"
          y1="106.25"
          y2="106.25"
        />
        <text
          class="recharts-text recharts-cartesian-axis-tick-value"
          fill="#666"
          height="345"
          orientation="left"
          stroke="none"
          text-anchor="end"
          width="60"
          x="52"
          y="106.25"
        >
          <tspan
            dy="0.355em"
            x="52"
          >
            300
          </tspan>
        </text>
      </g>
      <g
        class="recharts-layer recharts-cartesian-axis-tick"
      >
        <line
          class="recharts-cartesian-axis-tick-line"
          fill="none"
          height="345"
          orientation="left"
          stroke="#666"
          width="60"
          x="0"
          x1="54"
          x2="60"
          y="20"
          y1="20"
          y2="20"
        />
        <text
          class="recharts-text recharts-cartesian-axis-tick-value"
          fill="#666"
          height="345"
          orientation="left"
          stroke="none"
          text-anchor="end"
          width="60"
          x="52"
          y="20"
        >
          <tspan
            dy="0.355em"
            x="52"
          >
            400
          </tspan>
        </text>
      </g>
    </g>
  </g>
</svg>
`;
