// Jest Snapshot v1, https://goo.gl/fbAQLP

exports[`MembershipMetrics should render 1`] = `
<div>
  <div
    class="membership-metrics-root"
  >
    <div
      class="card card-root"
      id="container.report.averageSegmentMembershipDuration"
      style="min-height: 100px;"
    >
      <div
        class="card-body card-section my-2 py-2 type-trend-root"
      >
        <div
          class="align-items-center d-flex justify-content-between"
        >
          <div
            class="align-items-center d-flex"
          >
            <div
              class="card-title"
            >
              Average Segment Membership Duration
            </div>
            <button
              class="btn btn-monospaced btn-unstyled btn-xs"
              type="button"
            >
              <svg
                class="lexicon-icon lexicon-icon-question-circle-full"
                role="presentation"
              >
                <use
                  href="#question-circle-full"
                />
              </svg>
            </button>
          </div>
          <span
            class="font-weight-semibold text-secondary text-uppercase"
          >
            Last 30 days
          </span>
        </div>
        <h2
          class="my-3 text-secondary"
        >
          17 days
        </h2>
        <div
          class="d-flex flex-row"
        >
          <span
            class="mr-1 text-3 text-secondary"
          >
            <span
              style="color: rgb(40, 125, 60);"
            >
              +
            </span>
            <span
              class="mr-1"
              style="color: rgb(40, 125, 60);"
            >
              1 day
            </span>
             vs. Last 
            30
             Days
          </span>
          <span
            class="text-3"
          />
        </div>
      </div>
    </div>
    <div
      class="card card-root d-flex flex-row justify-content-between"
      id="container.report.membershipMetricsCard"
      style="min-height: 100px;"
    >
      <div
        class="card-body card-section my-2 py-2 type-trend-root"
      >
        <div
          class="align-items-center d-flex justify-content-between"
        >
          <div
            class="align-items-center d-flex"
          >
            <div
              class="card-title"
            >
              Total Members
            </div>
            <button
              class="btn btn-monospaced btn-unstyled btn-xs"
              type="button"
            >
              <svg
                class="lexicon-icon lexicon-icon-question-circle-full"
                role="presentation"
              >
                <use
                  href="#question-circle-full"
                />
              </svg>
            </button>
          </div>
          <span
            class="font-weight-semibold text-secondary text-uppercase"
          >
            Last 30 days
          </span>
        </div>
        <h2
          class="my-3 text-secondary"
        >
          34 members
        </h2>
        <div
          class="d-flex flex-row"
        >
          <span
            class="mr-1 text-secondary"
          >
            <span>
              34% of All Individuals
            </span>
          </span>
          <span
            class="mx-3 text-secondary"
          >
            |
          </span>
          <span
            class="text-3"
          >
            <span
              class="text-secondary"
            >
              <span
                class="mr-1"
                style="color: rgb(107, 108, 126);"
              >
                0%
              </span>
               vs. Last 
              30
               Days
            </span>
          </span>
        </div>
      </div>
      <div
        class="card-body card-section my-2 py-2 type-trend-root"
      >
        <div
          class="align-items-center d-flex justify-content-between"
        >
          <div
            class="align-items-center d-flex"
          >
            <div
              class="card-title"
            >
              Entry Rate
            </div>
            <button
              class="btn btn-monospaced btn-unstyled btn-xs"
              type="button"
            >
              <svg
                class="lexicon-icon lexicon-icon-question-circle-full"
                role="presentation"
              >
                <use
                  href="#question-circle-full"
                />
              </svg>
            </button>
          </div>
          <span
            class="font-weight-semibold text-secondary text-uppercase"
          >
            Last 24 hours
          </span>
        </div>
        <h2
          class="my-3 text-secondary"
        >
          121 members
        </h2>
        <div
          class="d-flex flex-row"
        >
          <span
            class="mr-1 text-secondary"
          >
            <span>
              121% of All Members
            </span>
          </span>
          <span
            class="mx-3 text-secondary"
          >
            |
          </span>
          <span
            class="text-3"
          >
            <span
              class="ml-1"
              style="color: rgb(218, 20, 20);"
            >
              <svg
                class="lexicon-icon lexicon-icon-caret-bottom-l"
                role="presentation"
              >
                <use
                  href="#caret-bottom-l"
                />
              </svg>
            </span>
            <span
              class="text-secondary"
            >
              <span
                class="mr-1"
                style="color: rgb(218, 20, 20);"
              >
                -70%
              </span>
               vs. Last 
              30
              -Day Avg.
            </span>
          </span>
        </div>
      </div>
      <div
        class="card-body card-section my-2 py-2 type-trend-root"
      >
        <div
          class="align-items-center d-flex justify-content-between"
        >
          <div
            class="align-items-center d-flex"
          >
            <div
              class="card-title"
            >
              Exit Rate
            </div>
            <button
              class="btn btn-monospaced btn-unstyled btn-xs"
              type="button"
            >
              <svg
                class="lexicon-icon lexicon-icon-question-circle-full"
                role="presentation"
              >
                <use
                  href="#question-circle-full"
                />
              </svg>
            </button>
          </div>
          <span
            class="font-weight-semibold text-secondary text-uppercase"
          >
            Last 24 hours
          </span>
        </div>
        <h2
          class="my-3 text-secondary"
        >
          10 members
        </h2>
        <div
          class="d-flex flex-row"
        >
          <span
            class="mr-1 text-secondary"
          >
            <span>
              10% of All Members
            </span>
          </span>
          <span
            class="mx-3 text-secondary"
          >
            |
          </span>
          <span
            class="text-3"
          >
            <span
              class="text-secondary"
            >
              <span
                class="mr-1"
                style="color: rgb(107, 108, 126);"
              >
                0%
              </span>
               vs. Last 
              30
              -Day Avg.
            </span>
          </span>
        </div>
      </div>
    </div>
  </div>
</div>
`;
