// Jest Snapshot v1, https://goo.gl/fbAQLP

exports[`ActiveIndividualsCard should render 1`] = `
<div>
  <div
    class="card card-root"
    id="container.report.activeIndividualsCard"
    style="min-height: 536px;"
  >
    <div
      class="card-header align-items-center d-flex justify-content-between"
    >
      <div>
        <div
          class="card-title"
        >
          Active Individuals
        </div>
        <span
          class="text-4 text-secondary"
        />
      </div>
      <div
        class="d-flex"
      >
        <div
          class="interval-selector-root mr-3 btn-group"
          role="group"
        >
          <button
            class="button-root interval-option text-uppercase active btn btn-sm btn-secondary"
            type="button"
          >
            D
          </button>
          <button
            class="button-root interval-option text-uppercase btn btn-sm btn-secondary"
            type="button"
          >
            W
          </button>
          <button
            class="button-root interval-option text-uppercase btn btn-sm btn-secondary"
            type="button"
          >
            M
          </button>
        </div>
        <span
          aria-hidden="true"
          class="loading-root loading-animation"
        />
      </div>
    </div>
    <div
      class="card-body justify-content-center"
    >
      <span
        aria-hidden="true"
        class="loading-root center loading-animation"
      />
    </div>
  </div>
</div>
`;
