// Jest Snapshot v1, https://goo.gl/fbAQLP

exports[`Routes should match Routes snapshot 1`] = `
Object {
  "ASSETS": "/workspace/:groupId([\\\\w._-]+)/:channelId(\\\\d+)?/assets",
  "ASSETS_BLOGS": "/workspace/:groupId([\\\\w._-]+)/:channelId(\\\\d+)?/assets/blogs",
  "ASSETS_BLOGS_KNOWN_INDIVIDUALS": "/workspace/:groupId([\\\\w._-]+)/:channelId(\\\\d+)?/assets/blogs/:assetId/known-individuals/:touchpoint/:title?",
  "ASSETS_BLOGS_OVERVIEW": "/workspace/:groupId([\\\\w._-]+)/:channelId(\\\\d+)?/assets/blogs/:assetId/page/:touchpoint/:title?",
  "ASSETS_BLOGS_ROUTES": "/workspace/:groupId([\\\\w._-]+)/:channelId(\\\\d+)?/assets/blogs/:assetId/:tabId(page|known-individuals)/:touchpoint/:title?",
  "ASSETS_CUSTOM": "/workspace/:groupId([\\\\w._-]+)/:channelId(\\\\d+)?/assets/custom",
  "ASSETS_CUSTOM_DASHBOARD": "/workspace/:groupId([\\\\w._-]+)/:channelId(\\\\d+)?/assets/custom/:id/page/:touchpoint/:title?",
  "ASSETS_DOCUMENTS_AND_MEDIA": "/workspace/:groupId([\\\\w._-]+)/:channelId(\\\\d+)?/assets/documents-and-media",
  "ASSETS_DOCUMENTS_AND_MEDIA_KNOWN_INDIVIDUALS": "/workspace/:groupId([\\\\w._-]+)/:channelId(\\\\d+)?/assets/documents-and-media/:assetId/known-individuals/:touchpoint/:title?",
  "ASSETS_DOCUMENTS_AND_MEDIA_OVERVIEW": "/workspace/:groupId([\\\\w._-]+)/:channelId(\\\\d+)?/assets/documents-and-media/:assetId/page/:touchpoint/:title?",
  "ASSETS_DOCUMENTS_AND_MEDIA_ROUTES": "/workspace/:groupId([\\\\w._-]+)/:channelId(\\\\d+)?/assets/documents-and-media/:assetId/:tabId(page|known-individuals)/:touchpoint/:title",
  "ASSETS_FORMS": "/workspace/:groupId([\\\\w._-]+)/:channelId(\\\\d+)?/assets/forms",
  "ASSETS_FORMS_KNOWN_INDIVIDUALS": "/workspace/:groupId([\\\\w._-]+)/:channelId(\\\\d+)?/assets/forms/:assetId/known-individuals/:touchpoint/:title?",
  "ASSETS_FORMS_OVERVIEW": "/workspace/:groupId([\\\\w._-]+)/:channelId(\\\\d+)?/assets/forms/:assetId/page/:touchpoint/:title?",
  "ASSETS_FORMS_ROUTES": "/workspace/:groupId([\\\\w._-]+)/:channelId(\\\\d+)?/assets/forms/:assetId/:tabId(page|known-individuals)/:touchpoint/:title?",
  "ASSETS_OBJECT_ENTRY": "/workspace/:groupId([\\\\w._-]+)/:channelId(\\\\d+)?/assets/object-entry",
  "ASSETS_OBJECT_ENTRY_OVERVIEW": "/workspace/:groupId([\\\\w._-]+)/:channelId(\\\\d+)?/assets/object-entry/:assetId/page/:touchpoint/:title?",
  "ASSETS_WEB_CONTENT": "/workspace/:groupId([\\\\w._-]+)/:channelId(\\\\d+)?/assets/web-content",
  "ASSETS_WEB_CONTENT_KNOWN_INDIVIDUALS": "/workspace/:groupId([\\\\w._-]+)/:channelId(\\\\d+)?/assets/web-content/:assetId/known-individuals/:touchpoint/:title?",
  "ASSETS_WEB_CONTENT_OVERVIEW": "/workspace/:groupId([\\\\w._-]+)/:channelId(\\\\d+)?/assets/web-content/:assetId/page/:touchpoint/:title?",
  "ASSETS_WEB_CONTENT_ROUTES": "/workspace/:groupId([\\\\w._-]+)/:channelId(\\\\d+)?/assets/web-content/:assetId/:tabId(page|known-individuals)/:touchpoint/:title?",
  "BASE": "/",
  "CHANNEL": "/workspace/:groupId([\\\\w._-]+)/:channelId(\\\\d+)?",
  "COMMERCE": "/workspace/:groupId([\\\\w._-]+)/:channelId(\\\\d+)?/commerce",
  "CONTACTS": "/workspace/:groupId([\\\\w._-]+)/:channelId(\\\\d+)?/contacts",
  "CONTACTS_ACCOUNT": "/workspace/:groupId([\\\\w._-]+)/:channelId(\\\\d+)?/contacts/accounts/:id",
  "CONTACTS_ACCOUNT_ACTIVITIES": "/workspace/:groupId([\\\\w._-]+)/:channelId(\\\\d+)?/contacts/accounts/:id/activities",
  "CONTACTS_ACCOUNT_DETAILS": "/workspace/:groupId([\\\\w._-]+)/:channelId(\\\\d+)?/contacts/accounts/:id/details",
  "CONTACTS_ACCOUNT_INDIVIDUALS": "/workspace/:groupId([\\\\w._-]+)/:channelId(\\\\d+)?/contacts/accounts/:id/individuals",
  "CONTACTS_ACCOUNT_INTERESTS": "/workspace/:groupId([\\\\w._-]+)/:channelId(\\\\d+)?/contacts/accounts/:id/interests",
  "CONTACTS_ACCOUNT_INTEREST_DETAILS": "/workspace/:groupId([\\\\w._-]+)/:channelId(\\\\d+)?/contacts/accounts/:id/interests/:interestId/:tabId(individuals|pages)?",
  "CONTACTS_ACCOUNT_SEGMENTS": "/workspace/:groupId([\\\\w._-]+)/:channelId(\\\\d+)?/contacts/accounts/:id/segments",
  "CONTACTS_ENTITY": "/workspace/:groupId([\\\\w._-]+)/:channelId(\\\\d+)?/contacts/:type(accounts|individuals|segments)/:id",
  "CONTACTS_INDIVIDUAL": "/workspace/:groupId([\\\\w._-]+)/:channelId(\\\\d+)?/contacts/individuals/known-individuals/:id",
  "CONTACTS_INDIVIDUALS": "/workspace/:groupId([\\\\w._-]+)/:channelId(\\\\d+)?/contacts/individuals",
  "CONTACTS_INDIVIDUALS_DISTRIBUTION": "/workspace/:groupId([\\\\w._-]+)/:channelId(\\\\d+)?/contacts/individuals/distribution",
  "CONTACTS_INDIVIDUALS_INTERESTS": "/workspace/:groupId([\\\\w._-]+)/:channelId(\\\\d+)?/contacts/individuals/interests",
  "CONTACTS_INDIVIDUALS_INTEREST_DETAILS": "/workspace/:groupId([\\\\w._-]+)/:channelId(\\\\d+)?/contacts/individuals/interests/:interestId",
  "CONTACTS_INDIVIDUALS_KNOWN_INDIVIDUALS": "/workspace/:groupId([\\\\w._-]+)/:channelId(\\\\d+)?/contacts/individuals/known-individuals",
  "CONTACTS_INDIVIDUAL_DETAILS": "/workspace/:groupId([\\\\w._-]+)/:channelId(\\\\d+)?/contacts/individuals/known-individuals/:id/details",
  "CONTACTS_INDIVIDUAL_INTERESTS": "/workspace/:groupId([\\\\w._-]+)/:channelId(\\\\d+)?/contacts/individuals/known-individuals/:id/interests",
  "CONTACTS_INDIVIDUAL_INTEREST_DETAILS": "/workspace/:groupId([\\\\w._-]+)/:channelId(\\\\d+)?/contacts/individuals/known-individuals/:id/interests/:interestId",
  "CONTACTS_INDIVIDUAL_SEGMENTS": "/workspace/:groupId([\\\\w._-]+)/:channelId(\\\\d+)?/contacts/individuals/known-individuals/:id/segments",
  "CONTACTS_INTERESTS": "/workspace/:groupId([\\\\w._-]+)/:channelId(\\\\d+)?/contacts/:type(accounts|individuals|segments)/:id/interests",
  "CONTACTS_INTEREST_DETAILS": "/workspace/:groupId([\\\\w._-]+)/:channelId(\\\\d+)?/contacts/:type(accounts|individuals|segments)/:id/interests/:interestId",
  "CONTACTS_LIST_ACCOUNT": "/workspace/:groupId([\\\\w._-]+)/:channelId(\\\\d+)?/contacts/:type(accounts)",
  "CONTACTS_LIST_ENTITY": "/workspace/:groupId([\\\\w._-]+)/:channelId(\\\\d+)?/contacts/:type(accounts|individuals|segments)",
  "CONTACTS_LIST_INDIVIDUAL": "/workspace/:groupId([\\\\w._-]+)/:channelId(\\\\d+)?/contacts/:type(individuals)",
  "CONTACTS_LIST_SEGMENT": "/workspace/:groupId([\\\\w._-]+)/:channelId(\\\\d+)?/contacts/:type(segments)",
  "CONTACTS_SEGMENT": "/workspace/:groupId([\\\\w._-]+)/:channelId(\\\\d+)?/contacts/segments/:id",
  "CONTACTS_SEGMENT_CREATE": "/workspace/:groupId([\\\\w._-]+)/:channelId(\\\\d+)?/contacts/segments/create",
  "CONTACTS_SEGMENT_DISTRIBUTION": "/workspace/:groupId([\\\\w._-]+)/:channelId(\\\\d+)?/contacts/segments/:id/distribution",
  "CONTACTS_SEGMENT_EDIT": "/workspace/:groupId([\\\\w._-]+)/:channelId(\\\\d+)?/contacts/segments/:id/edit",
  "CONTACTS_SEGMENT_INTERESTS": "/workspace/:groupId([\\\\w._-]+)/:channelId(\\\\d+)?/contacts/segments/:id/interests",
  "CONTACTS_SEGMENT_INTEREST_DETAILS": "/workspace/:groupId([\\\\w._-]+)/:channelId(\\\\d+)?/contacts/segments/:id/interests/:interestId/:tabId(individuals|pages)?",
  "CONTACTS_SEGMENT_MEMBERSHIP": "/workspace/:groupId([\\\\w._-]+)/:channelId(\\\\d+)?/contacts/segments/:id/membership",
  "EVENT_ANALYSIS": "/workspace/:groupId([\\\\w._-]+)/:channelId(\\\\d+)?/event-analysis",
  "EVENT_ANALYSIS_CREATE": "/workspace/:groupId([\\\\w._-]+)/:channelId(\\\\d+)?/event-analysis/create",
  "EVENT_ANALYSIS_EDIT": "/workspace/:groupId([\\\\w._-]+)/:channelId(\\\\d+)?/event-analysis/:id",
  "LOADING": "/loading",
  "LOGOUT": "/c/portal/logout",
  "OAUTH_RECEIVE": "/oauth/receive",
  "SETTINGS": "/workspace/:groupId([\\\\w._-]+)/settings",
  "SETTINGS_APIS": "/workspace/:groupId([\\\\w._-]+)/settings/apis",
  "SETTINGS_APIS_TOKEN_LIST": "/workspace/:groupId([\\\\w._-]+)/settings/apis/tokens",
  "SETTINGS_CHANNELS": "/workspace/:groupId([\\\\w._-]+)/settings/properties",
  "SETTINGS_CHANNELS_VIEW": "/workspace/:groupId([\\\\w._-]+)/settings/properties/:id",
  "SETTINGS_CSV_UPLOAD": "/workspace/:groupId([\\\\w._-]+)/settings/data-source/csv",
  "SETTINGS_CSV_UPLOAD_CONFIGURE": "/workspace/:groupId([\\\\w._-]+)/settings/data-source/csv/:fileVersionId",
  "SETTINGS_DATA_PRIVACY": "/workspace/:groupId([\\\\w._-]+)/settings/data-privacy",
  "SETTINGS_DATA_PRIVACY_REQUEST_LOG": "/workspace/:groupId([\\\\w._-]+)/settings/data-privacy/request-log",
  "SETTINGS_DATA_PRIVACY_SUPPRESSED_USERS": "/workspace/:groupId([\\\\w._-]+)/settings/data-privacy/suppressed-users",
  "SETTINGS_DATA_SOURCE": "/workspace/:groupId([\\\\w._-]+)/settings/data-source/:id",
  "SETTINGS_DATA_SOURCE_CLEAR_DATA": "/workspace/:groupId([\\\\w._-]+)/settings/data-source/:id/clear-data",
  "SETTINGS_DATA_SOURCE_DELETE": "/workspace/:groupId([\\\\w._-]+)/settings/data-source/:id/delete",
  "SETTINGS_DATA_SOURCE_EDIT": "/workspace/:groupId([\\\\w._-]+)/settings/data-source/:id/edit",
  "SETTINGS_DATA_SOURCE_LIST": "/workspace/:groupId([\\\\w._-]+)/settings/data-source",
  "SETTINGS_DATA_SOURCE_ONBOARDING": "/workspace/:groupId([\\\\w._-]+)/settings/data-source/:id/onboarding",
  "SETTINGS_DEFINITIONS": "/workspace/:groupId([\\\\w._-]+)/settings/definitions",
  "SETTINGS_DEFINITIONS_BEHAVIORS": "/workspace/:groupId([\\\\w._-]+)/settings/definitions/behaviors",
  "SETTINGS_DEFINITIONS_EVENTS": "/workspace/:groupId([\\\\w._-]+)/settings/definitions/events",
  "SETTINGS_DEFINITIONS_EVENTS_BLOCK_LIST": "/workspace/:groupId([\\\\w._-]+)/settings/definitions/events/block-list",
  "SETTINGS_DEFINITIONS_EVENTS_CUSTOM": "/workspace/:groupId([\\\\w._-]+)/settings/definitions/events/custom",
  "SETTINGS_DEFINITIONS_EVENTS_DEFAULT": "/workspace/:groupId([\\\\w._-]+)/settings/definitions/events/default",
  "SETTINGS_DEFINITIONS_EVENTS_VIEW": "/workspace/:groupId([\\\\w._-]+)/settings/definitions/events/:eventId(\\\\d+)",
  "SETTINGS_DEFINITIONS_EVENT_ATTRIBUTES": "/workspace/:groupId([\\\\w._-]+)/settings/definitions/event-attributes",
  "SETTINGS_DEFINITIONS_EVENT_ATTRIBUTES_GLOBAL": "/workspace/:groupId([\\\\w._-]+)/settings/definitions/event-attributes/global",
  "SETTINGS_DEFINITIONS_EVENT_ATTRIBUTES_LOCAL": "/workspace/:groupId([\\\\w._-]+)/settings/definitions/event-attributes/local",
  "SETTINGS_DEFINITIONS_EVENT_ATTRIBUTES_VIEW": "/workspace/:groupId([\\\\w._-]+)/settings/definitions/event-attributes/:attributeId(\\\\d+)",
  "SETTINGS_DEFINITIONS_INDIVIDUAL_ATTRIBUTES": "/workspace/:groupId([\\\\w._-]+)/settings/definitions/individual-attributes",
  "SETTINGS_DEFINITIONS_INTEREST_TOPICS": "/workspace/:groupId([\\\\w._-]+)/settings/definitions/interest-topics",
  "SETTINGS_DEFINITIONS_SEARCH": "/workspace/:groupId([\\\\w._-]+)/settings/definitions/search",
  "SETTINGS_RECOMMENDATIONS": "/workspace/:groupId([\\\\w._-]+)/settings/recommendations",
  "SETTINGS_RECOMMENDATIONS_CREATE_ITEM_SIMILARITY_MODEL": "/workspace/:groupId([\\\\w._-]+)/settings/recommendations/create-item-similarity-model",
  "SETTINGS_RECOMMENDATION_EDIT": "/workspace/:groupId([\\\\w._-]+)/settings/recommendations/:jobId([\\\\d]+)/edit",
  "SETTINGS_RECOMMENDATION_MODEL_VIEW": "/workspace/:groupId([\\\\w._-]+)/settings/recommendations/:jobId([\\\\d]+)",
  "SETTINGS_USAGE": "/workspace/:groupId([\\\\w._-]+)/settings/usage",
  "SETTINGS_USERS": "/workspace/:groupId([\\\\w._-]+)/settings/users",
  "SETTINGS_USERS_REQUESTS": "/workspace/:groupId([\\\\w._-]+)/settings/users/requests",
  "SETTINGS_WORKSPACE": "/workspace/:groupId([\\\\w._-]+)/settings/workspace",
  "SITES": "/workspace/:groupId([\\\\w._-]+)/:channelId(\\\\d+)?/sites",
  "SITES_INTERESTS": "/workspace/:groupId([\\\\w._-]+)/:channelId(\\\\d+)?/sites/interests",
  "SITES_INTEREST_DETAILS": "/workspace/:groupId([\\\\w._-]+)/:channelId(\\\\d+)?/sites/interests/:interestId",
  "SITES_SEARCH_TERMS": "/workspace/:groupId([\\\\w._-]+)/:channelId(\\\\d+)?/sites/search-terms",
  "SITES_TOUCHPOINTS": "/workspace/:groupId([\\\\w._-]+)/:channelId(\\\\d+)?/sites/pages",
  "SITES_TOUCHPOINTS_KNOWN_INDIVIDUALS": "/workspace/:groupId([\\\\w._-]+)/:channelId(\\\\d+)?/sites/pages/known-individuals/:touchpoint/:title?",
  "SITES_TOUCHPOINTS_OVERVIEW": "/workspace/:groupId([\\\\w._-]+)/:channelId(\\\\d+)?/sites/pages/overview/:touchpoint/:title?",
  "SITES_TOUCHPOINTS_PATH": "/workspace/:groupId([\\\\w._-]+)/:channelId(\\\\d+)?/sites/pages/path/:touchpoint/:title?",
  "SITES_TOUCHPOINTS_ROUTES": "/workspace/:groupId([\\\\w._-]+)/:channelId(\\\\d+)?/sites/pages/:typeId/:touchpoint/:title?",
  "TEST": "/test",
  "TESTS": "/workspace/:groupId([\\\\w._-]+)/:channelId(\\\\d+)?/tests",
  "TESTS_OVERVIEW": "/workspace/:groupId([\\\\w._-]+)/:channelId(\\\\d+)?/tests/overview/:id",
  "UI_KIT": "/workspace/:groupId([\\\\w._-]+)/:channelId(\\\\d+)?/ui-kit/:name?",
  "WORKSPACE": "/workspace",
  "WORKSPACES": "/workspaces",
  "WORKSPACE_ADD": "/workspace/add",
  "WORKSPACE_ADD_TRIAL": "/workspace/add/trial",
  "WORKSPACE_ADD_WITH_CORP_PROJECT_UUID": "/workspace/:corpProjectUuid/add",
  "WORKSPACE_SELECT_ACCOUNT": "/workspace/select-account",
  "WORKSPACE_WITH_ID": "/workspace/:groupId([\\\\w._-]+)",
}
`;
